// Jest Snapshot v1, https://goo.gl/fbAQLP

exports[`Actions matches the snapshot 1`] = `
<nav
  className="ws-subscribe panel"
>
  <div
    className="panel-heading"
  >
    <div
      className="field has-addons"
    >
      <p
        className="control is-expanded"
      >
        <textarea
          className="textarea is-small is-info"
          onChange={[Function]}
          placeholder="SQLS"
          rows="3"
          value=""
        />
      </p>
    </div>
  </div>
  <div
    className="panel-block"
  >
    <div
      className="control"
    >
      <button
        className="button is-small is-info"
        disabled={true}
        onClick={[Function]}
        style={
          Object {
            "marginRight": "10px",
          }
        }
      >
        Subscribe
      </button>
      <button
        className="button is-small is-danger"
        disabled={true}
        onClick={[Function]}
      >
        Clear Messages
      </button>
    </div>
    <div
      className="control"
    />
  </div>
  <div
    className="panel-block"
  >
    <div
      className="field has-addons"
    >
      <div
        className="control"
      >
        <input
          className="input is-small"
          onChange={[Function]}
          placeholder="Find a message"
          type="text"
          value=""
        />
      </div>
      <div
        className="control"
      >
        <button
          className="button is-info is-small"
          disabled={true}
          onClick={[Function]}
        >
          Search
        </button>
      </div>
    </div>
  </div>
</nav>
`;
